# proxy mode: listen 127.0.0.1:30710, upstream 127.0.0.1:30701
# proxied 127.0.0.1:58246 -> 127.0.0.1:30701 opened
# proxied 127.0.0.1:58253 -> 127.0.0.1:30701 opened
# UPSTREAM->CLIENT pump error: IOException: Unable to read data from the transport connection: The I/O operation has been aborted because of either a thread exit or an application request..
# proxy pair closed (14:17:08.393)
# CLIENT->UPSTREAM pump error: IOException: Unable to read data from the transport connection: An existing connection was forcibly closed by the remote host..
# proxy pair closed (14:22:30.640)
# UPSTREAM->CLIENT pump error: IOException: Unable to read data from the transport connection: The I/O operation has been aborted because of either a thread exit or an application request..
# proxied 127.0.0.1:58356 -> 127.0.0.1:30701 opened
=== 2026-04-22 14:24:56.818 CLIENT->UPSTREAM 82 bytes ===
00000000  FF FF 34 41 41 31 53 41  56 30 34 30 31 34 32 34  |..4AA1SAV0401424|
00000010  35 36 30 30 30 30 20 20  20 20 20 20 20 20 20 20  |560000          |
00000020  20 20 20 20 20 20 20 20  01 20 20 20 47 4F 4C 44  |        .   GOLD|
00000030  31 20 20 20 20 20 20 20  20 20 20 20 20 20 20 20  |1               |
00000040  20 20 20 20 20 20 20 20  20 20 20 32 30 43 46 33  |           20CF3|
00000050  43 38                                             |C8|
=== 2026-04-22 14:25:17.144 CLIENT->UPSTREAM 82 bytes ===
00000052  FF FF 34 41 41 31 53 41  56 30 34 30 31 34 32 35  |..4AA1SAV0401425|
00000062  31 37 30 30 30 30 47 4F  4C 44 31 20 20 20 20 20  |170000GOLD1     |
00000072  20 20 20 20 20 20 20 20  01 20 20 20 47 4F 4C 44  |        .   GOLD|
00000082  31 20 20 20 20 20 20 20  20 20 20 20 20 20 20 20  |1               |
00000092  20 20 20 20 20 20 20 20  20 20 20 32 30 43 46 33  |           20CF3|
000000A2  31 33                                             |13|
=== 2026-04-22 14:25:28.540 CLIENT->UPSTREAM 180 bytes ===
000000A4  FF FF 41 43 41 32 53 41  56 30 34 30 30 31 30 33  |..ACA2SAV0400103|
000000B4  32 30 32 36 30 34 32 32  31 34 32 35 32 38 20 20  |20260422142528  |
000000C4  20 20 20 47 4F 4C 44 31  4E 41 20 20 20 20 20 20  |   GOLD1NA      |
000000D4  20 20 20 20 20 20 20 20  20 20 20 20 20 20 20 20  |                |
000000E4  20 20 20 20 20 20 20 20  20 20 20 20 59 4E 47 4F  |            YNGO|
000000F4  4C 44 31 20 20 20 31 32  38 41 20 20 32 20 20 20  |LD1   128A  2   |
00000104  20 20 20 20 20 20 20 20  20 20 20 20 20 20 20 20  |                |
00000114  20 20 32 30 20 20 20 20  20 20 20 20 20 20 20 20  |  20            |
00000124  20 20 20 20 20 20 20 20  20 20 20 20 20 20 20 20  |                |
00000134  20 20 20 20 20 20 20 20  20 20 20 20 20 20 20 20  |                |
00000144  20 20 20 20 20 20 20 20  20 20 20 20 20 20 20 20  |                |
00000154  45 35 30 42                                       |E50B|
=== 2026-04-22 14:25:28.559 UPSTREAM->CLIENT 12 bytes ===
00000000  FF FF 30 34 42 32 30 31  46 45 43 37              |..04B201FEC7|
=== 2026-04-22 14:25:37.468 CLIENT->UPSTREAM 82 bytes ===
00000158  FF FF 34 41 41 31 53 41  56 30 34 30 31 34 32 35  |..4AA1SAV0401425|
00000168  33 37 30 30 30 30 47 4F  4C 44 31 20 20 20 31 32  |370000GOLD1   12|
00000178  38 41 20 20 32 20 20 20  01 20 20 20 47 4F 4C 44  |8A  2   .   GOLD|
00000188  31 20 20 20 20 20 20 20  20 20 20 20 20 20 20 20  |1               |
00000198  20 20 20 20 20 20 20 20  20 20 20 32 30 43 46 32  |           20CF2|
000001A8  41 33                                             |A3|
=== 2026-04-22 14:25:57.773 CLIENT->UPSTREAM 82 bytes ===
000001AA  FF FF 34 41 41 31 53 41  56 30 34 30 31 34 32 35  |..4AA1SAV0401425|
000001BA  35 37 30 30 30 30 47 4F  4C 44 31 20 20 20 31 32  |570000GOLD1   12|
000001CA  38 41 20 20 32 20 20 20  01 20 20 20 47 4F 4C 44  |8A  2   .   GOLD|
000001DA  31 20 20 20 20 20 20 20  20 20 20 20 20 20 20 20  |1               |
000001EA  20 20 20 20 20 20 20 20  20 20 20 32 30 43 46 32  |           20CF2|
000001FA  41 31                                             |A1|
=== 2026-04-22 14:26:18.089 CLIENT->UPSTREAM 82 bytes ===
000001FC  FF FF 34 41 41 31 53 41  56 30 34 30 31 34 32 36  |..4AA1SAV0401426|
0000020C  31 38 30 30 30 30 47 4F  4C 44 31 20 20 20 31 32  |180000GOLD1   12|
0000021C  38 41 20 20 32 20 20 20  01 20 20 20 47 4F 4C 44  |8A  2   .   GOLD|
0000022C  31 20 20 20 20 20 20 20  20 20 20 20 20 20 20 20  |1               |
0000023C  20 20 20 20 20 20 20 20  20 20 20 32 30 43 46 32  |           20CF2|
0000024C  41 33                                             |A3|
=== 2026-04-22 14:26:38.406 CLIENT->UPSTREAM 82 bytes ===
0000024E  FF FF 34 41 41 31 53 41  56 30 34 30 31 34 32 36  |..4AA1SAV0401426|
0000025E  33 38 30 30 30 30 47 4F  4C 44 31 20 20 20 31 32  |380000GOLD1   12|
0000026E  38 41 20 20 32 20 20 20  01 20 20 20 47 4F 4C 44  |8A  2   .   GOLD|
0000027E  31 20 20 20 20 20 20 20  20 20 20 20 20 20 20 20  |1               |
0000028E  20 20 20 20 20 20 20 20  20 20 20 32 30 43 46 32  |           20CF2|
0000029E  41 31                                             |A1|
=== 2026-04-22 14:26:58.717 CLIENT->UPSTREAM 82 bytes ===
000002A0  FF FF 34 41 41 31 53 41  56 30 34 30 31 34 32 36  |..4AA1SAV0401426|
000002B0  35 38 30 30 30 30 47 4F  4C 44 31 20 20 20 31 32  |580000GOLD1   12|
000002C0  38 41 20 20 32 20 20 20  01 20 20 20 47 4F 4C 44  |8A  2   .   GOLD|
000002D0  31 20 20 20 20 20 20 20  20 20 20 20 20 20 20 20  |1               |
000002E0  20 20 20 20 20 20 20 20  20 20 20 32 30 43 46 32  |           20CF2|
000002F0  39 46                                             |9F|
=== 2026-04-22 14:27:19.029 CLIENT->UPSTREAM 82 bytes ===
000002F2  FF FF 34 41 41 31 53 41  56 30 34 30 31 34 32 37  |..4AA1SAV0401427|
00000302  31 39 30 30 30 30 47 4F  4C 44 31 20 20 20 31 32  |190000GOLD1   12|
00000312  38 41 20 20 32 20 20 20  01 20 20 20 47 4F 4C 44  |8A  2   .   GOLD|
00000322  31 20 20 20 20 20 20 20  20 20 20 20 20 20 20 20  |1               |
00000332  20 20 20 20 20 20 20 20  20 20 20 32 30 43 46 32  |           20CF2|
00000342  41 31                                             |A1|
# UPSTREAM->CLIENT pump error: IOException: Unable to read data from the transport connection: An existing connection was forcibly closed by the remote host..
# proxy pair closed (14:27:24.552)
# CLIENT->UPSTREAM pump error: IOException: Unable to read data from the transport connection: The I/O operation has been aborted because of either a thread exit or an application request..
