# proxy mode: listen 127.0.0.1:30710, upstream 127.0.0.1:30701
# proxied 127.0.0.1:57135 -> 127.0.0.1:30701 opened
# proxy pair closed (13:36:09.469)
# UPSTREAM->CLIENT pump error: IOException: Unable to read data from the transport connection: The I/O operation has been aborted because of either a thread exit or an application request..
# proxied 127.0.0.1:57189 -> 127.0.0.1:30701 opened
=== 2026-04-22 13:47:03.641 CLIENT->UPSTREAM 180 bytes ===
00000000  FF FF 41 43 41 32 53 41  56 30 34 30 30 31 30 34  |..ACA2SAV0400104|
00000010  32 30 32 36 30 34 32 32  31 33 34 37 30 33 20 20  |20260422134703  |
00000020  20 20 20 47 4F 4C 44 31  20 20 20 20 20 20 20 20  |   GOLD1        |
00000030  20 20 20 20 20 20 20 20  20 20 20 20 20 20 20 20  |                |
00000040  20 20 20 20 20 20 20 20  20 20 20 20 59 4E 20 20  |            YN  |
00000050  20 20 20 20 20 20 20 20  20 20 20 20 20 20 20 20  |                |
00000060  20 20 20 20 20 20 20 20  20 20 20 20 20 20 20 20  |                |
00000070  20 20 32 30 20 20 20 20  20 20 20 20 20 20 20 20  |  20            |
00000080  20 20 20 20 20 20 20 20  20 20 20 20 20 20 20 20  |                |
00000090  20 20 20 20 20 20 20 20  20 20 20 20 20 20 20 20  |                |
000000A0  20 20 20 20 20 20 20 20  20 20 20 20 20 20 20 20  |                |
000000B0  45 36 38 32                                       |E682|
=== 2026-04-22 13:47:09.725 CLIENT->UPSTREAM 180 bytes ===
000000B4  FF FF 41 43 41 32 53 41  56 30 34 30 30 31 30 34  |..ACA2SAV0400104|
000000C4  32 30 32 36 30 34 32 32  31 33 34 37 30 33 20 20  |20260422134703  |
000000D4  20 20 20 47 4F 4C 44 31  20 20 20 20 20 20 20 20  |   GOLD1        |
000000E4  20 20 20 20 20 20 20 20  20 20 20 20 20 20 20 20  |                |
000000F4  20 20 20 20 20 20 20 20  20 20 20 20 59 4E 20 20  |            YN  |
00000104  20 20 20 20 20 20 20 20  20 20 20 20 20 20 20 20  |                |
00000114  20 20 20 20 20 20 20 20  20 20 20 20 20 20 20 20  |                |
00000124  20 20 32 30 20 20 20 20  20 20 20 20 20 20 20 20  |  20            |
00000134  20 20 20 20 20 20 20 20  20 20 20 20 20 20 20 20  |                |
00000144  20 20 20 20 20 20 20 20  20 20 20 20 20 20 20 20  |                |
00000154  20 20 20 20 20 20 20 20  20 20 20 20 20 20 20 20  |                |
00000164  45 36 38 32                                       |E682|
=== 2026-04-22 13:47:15.645 CLIENT->UPSTREAM 180 bytes ===
00000168  FF FF 41 43 41 32 53 41  56 30 34 30 30 31 30 34  |..ACA2SAV0400104|
00000178  32 30 32 36 30 34 32 32  31 33 34 37 30 33 20 20  |20260422134703  |
00000188  20 20 20 47 4F 4C 44 31  20 20 20 20 20 20 20 20  |   GOLD1        |
00000198  20 20 20 20 20 20 20 20  20 20 20 20 20 20 20 20  |                |
000001A8  20 20 20 20 20 20 20 20  20 20 20 20 59 4E 20 20  |            YN  |
000001B8  20 20 20 20 20 20 20 20  20 20 20 20 20 20 20 20  |                |
000001C8  20 20 20 20 20 20 20 20  20 20 20 20 20 20 20 20  |                |
000001D8  20 20 32 30 20 20 20 20  20 20 20 20 20 20 20 20  |  20            |
000001E8  20 20 20 20 20 20 20 20  20 20 20 20 20 20 20 20  |                |
000001F8  20 20 20 20 20 20 20 20  20 20 20 20 20 20 20 20  |                |
00000208  20 20 20 20 20 20 20 20  20 20 20 20 20 20 20 20  |                |
00000218  45 36 38 32                                       |E682|
=== 2026-04-22 13:47:21.739 CLIENT->UPSTREAM 180 bytes ===
0000021C  FF FF 41 43 41 32 53 41  56 30 34 30 30 31 30 34  |..ACA2SAV0400104|
0000022C  32 30 32 36 30 34 32 32  31 33 34 37 30 33 20 20  |20260422134703  |
0000023C  20 20 20 47 4F 4C 44 31  20 20 20 20 20 20 20 20  |   GOLD1        |
0000024C  20 20 20 20 20 20 20 20  20 20 20 20 20 20 20 20  |                |
0000025C  20 20 20 20 20 20 20 20  20 20 20 20 59 4E 20 20  |            YN  |
0000026C  20 20 20 20 20 20 20 20  20 20 20 20 20 20 20 20  |                |
0000027C  20 20 20 20 20 20 20 20  20 20 20 20 20 20 20 20  |                |
0000028C  20 20 32 30 20 20 20 20  20 20 20 20 20 20 20 20  |  20            |
0000029C  20 20 20 20 20 20 20 20  20 20 20 20 20 20 20 20  |                |
000002AC  20 20 20 20 20 20 20 20  20 20 20 20 20 20 20 20  |                |
000002BC  20 20 20 20 20 20 20 20  20 20 20 20 20 20 20 20  |                |
000002CC  45 36 38 32                                       |E682|
=== 2026-04-22 13:47:27.832 CLIENT->UPSTREAM 180 bytes ===
000002D0  FF FF 41 43 41 32 53 41  56 30 34 30 30 31 30 34  |..ACA2SAV0400104|
000002E0  32 30 32 36 30 34 32 32  31 33 34 37 30 33 20 20  |20260422134703  |
000002F0  20 20 20 47 4F 4C 44 31  20 20 20 20 20 20 20 20  |   GOLD1        |
00000300  20 20 20 20 20 20 20 20  20 20 20 20 20 20 20 20  |                |
00000310  20 20 20 20 20 20 20 20  20 20 20 20 59 4E 20 20  |            YN  |
00000320  20 20 20 20 20 20 20 20  20 20 20 20 20 20 20 20  |                |
00000330  20 20 20 20 20 20 20 20  20 20 20 20 20 20 20 20  |                |
00000340  20 20 32 30 20 20 20 20  20 20 20 20 20 20 20 20  |  20            |
00000350  20 20 20 20 20 20 20 20  20 20 20 20 20 20 20 20  |                |
00000360  20 20 20 20 20 20 20 20  20 20 20 20 20 20 20 20  |                |
00000370  20 20 20 20 20 20 20 20  20 20 20 20 20 20 20 20  |                |
00000380  45 36 38 32                                       |E682|
=== 2026-04-22 13:47:33.723 CLIENT->UPSTREAM 180 bytes ===
00000384  FF FF 41 43 41 32 53 41  56 30 34 30 30 31 30 34  |..ACA2SAV0400104|
00000394  32 30 32 36 30 34 32 32  31 33 34 37 30 33 20 20  |20260422134703  |
000003A4  20 20 20 47 4F 4C 44 31  20 20 20 20 20 20 20 20  |   GOLD1        |
000003B4  20 20 20 20 20 20 20 20  20 20 20 20 20 20 20 20  |                |
000003C4  20 20 20 20 20 20 20 20  20 20 20 20 59 4E 20 20  |            YN  |
000003D4  20 20 20 20 20 20 20 20  20 20 20 20 20 20 20 20  |                |
000003E4  20 20 20 20 20 20 20 20  20 20 20 20 20 20 20 20  |                |
000003F4  20 20 32 30 20 20 20 20  20 20 20 20 20 20 20 20  |  20            |
00000404  20 20 20 20 20 20 20 20  20 20 20 20 20 20 20 20  |                |
00000414  20 20 20 20 20 20 20 20  20 20 20 20 20 20 20 20  |                |
00000424  20 20 20 20 20 20 20 20  20 20 20 20 20 20 20 20  |                |
00000434  45 36 38 32                                       |E682|
# CLIENT->UPSTREAM pump error: IOException: Unable to read data from the transport connection: An existing connection was forcibly closed by the remote host..
# proxy pair closed (13:48:37.372)
# UPSTREAM->CLIENT pump error: IOException: Unable to read data from the transport connection: The I/O operation has been aborted because of either a thread exit or an application request..
# proxied 127.0.0.1:57326 -> 127.0.0.1:30701 opened
=== 2026-04-22 13:48:53.686 UPSTREAM->CLIENT 205 bytes ===
00000000  FF FF 42 33 56 34 30 20  20 20 30 31 32 30 32 36  |..B3V40   012026|
00000010  30 34 32 32 31 30 34 35  30 30 47 4F 4C 44 31 54  |0422104500GOLD1T|
00000020  43 4C 55 31 32 33 34 35  36 37 20 20 20 20 20 20  |CLU1234567      |
00000030  20 20 20 20 20 20 20 42  4F 4E 44 31 20 20 20 31  |       BOND1   1|
00000040  32 38 41 20 20 32 20 20  20 20 20 20 20 20 20 20  |28A  2          |
00000050  20 20 20 20 20 20 20 20  20 20 20 42 4F 4E 44 31  |           BOND1|
00000060  20 20 20 31 33 30 42 20  20 31 20 20 20 20 20 20  |   130B  1      |
00000070  20 20 20 20 20 20 20 20  20 20 20 20 20 20 20 34  |               4|
00000080  30 20 20 4E 4E 20 20 20  20 20 20 20 20 20 20 20  |0  NN           |
00000090  20 20 20 20 20 20 20 20  20 20 20 20 4E 4E 20 20  |            NN  |
000000A0  20 20 20 20 20 20 20 20  20 20 20 20 20 20 20 20  |                |
000000B0  20 20 20 20 20 20 20 20  20 20 20 20 20 20 20 20  |                |
000000C0  20 20 20 20 20 20 20 20  20 45 30 36 30           |         E060|
# UPSTREAM->CLIENT pump error: IOException: Unable to read data from the transport connection: An existing connection was forcibly closed by the remote host..
# proxy pair closed (13:51:32.186)
# CLIENT->UPSTREAM pump error: IOException: Unable to read data from the transport connection: The I/O operation has been aborted because of either a thread exit or an application request..
