# proxy mode: listen 127.0.0.1:30710, upstream 127.0.0.1:30701
# proxied 127.0.0.1:50591 -> 127.0.0.1:30701 opened
=== 2026-04-22 18:38:22.348 CLIENT->UPSTREAM 82 bytes ===
00000000  FF FF 34 41 41 31 53 41  56 30 34 30 31 38 33 38  |..4AA1SAV0401838|
00000010  32 32 30 30 30 30 20 20  20 20 20 20 20 20 20 20  |220000          |
00000020  20 20 20 20 20 20 20 20  01 20 20 20 47 4F 4C 44  |        .   GOLD|
00000030  31 20 20 20 20 20 20 20  20 20 20 20 20 20 20 20  |1               |
00000040  20 20 20 20 20 20 20 20  20 20 20 32 30 43 46 33  |           20CF3|
00000050  43 36                                             |C6|
# proxied 127.0.0.1:50600 -> 127.0.0.1:30701 opened
# proxy pair closed (18:38:30.542)
# UPSTREAM->CLIENT pump error: IOException: Unable to read data from the transport connection: The I/O operation has been aborted because of either a thread exit or an application request..
=== 2026-04-22 18:38:42.655 CLIENT->UPSTREAM 82 bytes ===
00000052  FF FF 34 41 41 31 53 41  56 30 34 30 31 38 33 38  |..4AA1SAV0401838|
00000062  34 32 30 30 30 30 20 20  20 20 20 20 20 20 20 20  |420000          |
00000072  20 20 20 20 20 20 20 20  01 20 20 20 47 4F 4C 44  |        .   GOLD|
00000082  31 20 20 20 20 20 20 20  20 20 20 20 20 20 20 20  |1               |
00000092  20 20 20 20 20 20 20 20  20 20 20 32 30 43 46 33  |           20CF3|
000000A2  43 34                                             |C4|
=== 2026-04-22 18:39:02.987 CLIENT->UPSTREAM 82 bytes ===
000000A4  FF FF 34 41 41 31 53 41  56 30 34 30 31 38 33 39  |..4AA1SAV0401839|
000000B4  30 32 30 30 30 30 20 20  20 20 20 20 20 20 20 20  |020000          |
000000C4  20 20 20 20 20 20 20 20  01 20 20 20 47 4F 4C 44  |        .   GOLD|
000000D4  31 20 20 20 20 20 20 20  20 20 20 20 20 20 20 20  |1               |
000000E4  20 20 20 20 20 20 20 20  20 20 20 32 30 43 46 33  |           20CF3|
000000F4  43 37                                             |C7|
=== 2026-04-22 18:39:23.298 CLIENT->UPSTREAM 82 bytes ===
000000F6  FF FF 34 41 41 31 53 41  56 30 34 30 31 38 33 39  |..4AA1SAV0401839|
00000106  32 33 30 30 30 30 20 20  20 20 20 20 20 20 20 20  |230000          |
00000116  20 20 20 20 20 20 20 20  01 20 20 20 47 4F 4C 44  |        .   GOLD|
00000126  31 20 20 20 20 20 20 20  20 20 20 20 20 20 20 20  |1               |
00000136  20 20 20 20 20 20 20 20  20 20 20 32 30 43 46 33  |           20CF3|
00000146  43 34                                             |C4|
=== 2026-04-22 18:39:43.609 CLIENT->UPSTREAM 82 bytes ===
00000148  FF FF 34 41 41 31 53 41  56 30 34 30 31 38 33 39  |..4AA1SAV0401839|
00000158  34 33 30 30 30 30 20 20  20 20 20 20 20 20 20 20  |430000          |
00000168  20 20 20 20 20 20 20 20  01 20 20 20 47 4F 4C 44  |        .   GOLD|
00000178  31 20 20 20 20 20 20 20  20 20 20 20 20 20 20 20  |1               |
00000188  20 20 20 20 20 20 20 20  20 20 20 32 30 43 46 33  |           20CF3|
00000198  43 32                                             |C2|
=== 2026-04-22 18:40:03.936 CLIENT->UPSTREAM 82 bytes ===
0000019A  FF FF 34 41 41 31 53 41  56 30 34 30 31 38 34 30  |..4AA1SAV0401840|
000001AA  30 33 30 30 30 30 20 20  20 20 20 20 20 20 20 20  |030000          |
000001BA  20 20 20 20 20 20 20 20  01 20 20 20 47 4F 4C 44  |        .   GOLD|
000001CA  31 20 20 20 20 20 20 20  20 20 20 20 20 20 20 20  |1               |
000001DA  20 20 20 20 20 20 20 20  20 20 20 32 30 43 46 33  |           20CF3|
000001EA  43 45                                             |CE|
=== 2026-04-22 18:40:24.249 CLIENT->UPSTREAM 82 bytes ===
000001EC  FF FF 34 41 41 31 53 41  56 30 34 30 31 38 34 30  |..4AA1SAV0401840|
000001FC  32 34 30 30 30 30 20 20  20 20 20 20 20 20 20 20  |240000          |
0000020C  20 20 20 20 20 20 20 20  01 20 20 20 47 4F 4C 44  |        .   GOLD|
0000021C  31 20 20 20 20 20 20 20  20 20 20 20 20 20 20 20  |1               |
0000022C  20 20 20 20 20 20 20 20  20 20 20 32 30 43 46 33  |           20CF3|
0000023C  43 42                                             |CB|
=== 2026-04-22 18:40:44.563 CLIENT->UPSTREAM 82 bytes ===
0000023E  FF FF 34 41 41 31 53 41  56 30 34 30 31 38 34 30  |..4AA1SAV0401840|
0000024E  34 34 30 30 30 30 20 20  20 20 20 20 20 20 20 20  |440000          |
0000025E  20 20 20 20 20 20 20 20  01 20 20 20 47 4F 4C 44  |        .   GOLD|
0000026E  31 20 20 20 20 20 20 20  20 20 20 20 20 20 20 20  |1               |
0000027E  20 20 20 20 20 20 20 20  20 20 20 32 30 43 46 33  |           20CF3|
0000028E  43 39                                             |C9|
=== 2026-04-22 18:41:04.867 CLIENT->UPSTREAM 82 bytes ===
00000290  FF FF 34 41 41 31 53 41  56 30 34 30 31 38 34 31  |..4AA1SAV0401841|
000002A0  30 34 30 30 30 30 20 20  20 20 20 20 20 20 20 20  |040000          |
000002B0  20 20 20 20 20 20 20 20  01 20 20 20 47 4F 4C 44  |        .   GOLD|
000002C0  31 20 20 20 20 20 20 20  20 20 20 20 20 20 20 20  |1               |
000002D0  20 20 20 20 20 20 20 20  20 20 20 32 30 43 46 33  |           20CF3|
000002E0  43 43                                             |CC|
=== 2026-04-22 18:41:25.182 CLIENT->UPSTREAM 82 bytes ===
000002E2  FF FF 34 41 41 31 53 41  56 30 34 30 31 38 34 31  |..4AA1SAV0401841|
000002F2  32 35 30 30 30 30 20 20  20 20 20 20 20 20 20 20  |250000          |
00000302  20 20 20 20 20 20 20 20  01 20 20 20 47 4F 4C 44  |        .   GOLD|
00000312  31 20 20 20 20 20 20 20  20 20 20 20 20 20 20 20  |1               |
00000322  20 20 20 20 20 20 20 20  20 20 20 32 30 43 46 33  |           20CF3|
00000332  43 39                                             |C9|
=== 2026-04-22 18:41:45.520 CLIENT->UPSTREAM 82 bytes ===
00000334  FF FF 34 41 41 31 53 41  56 30 34 30 31 38 34 31  |..4AA1SAV0401841|
00000344  34 35 30 30 30 30 20 20  20 20 20 20 20 20 20 20  |450000          |
00000354  20 20 20 20 20 20 20 20  01 20 20 20 47 4F 4C 44  |        .   GOLD|
00000364  31 20 20 20 20 20 20 20  20 20 20 20 20 20 20 20  |1               |
00000374  20 20 20 20 20 20 20 20  20 20 20 32 30 43 46 33  |           20CF3|
00000384  43 37                                             |C7|
=== 2026-04-22 18:42:05.829 CLIENT->UPSTREAM 82 bytes ===
00000386  FF FF 34 41 41 31 53 41  56 30 34 30 31 38 34 32  |..4AA1SAV0401842|
00000396  30 35 30 30 30 30 20 20  20 20 20 20 20 20 20 20  |050000          |
000003A6  20 20 20 20 20 20 20 20  01 20 20 20 47 4F 4C 44  |        .   GOLD|
000003B6  31 20 20 20 20 20 20 20  20 20 20 20 20 20 20 20  |1               |
000003C6  20 20 20 20 20 20 20 20  20 20 20 32 30 43 46 33  |           20CF3|
000003D6  43 41                                             |CA|
=== 2026-04-22 18:42:26.141 CLIENT->UPSTREAM 82 bytes ===
000003D8  FF FF 34 41 41 31 53 41  56 30 34 30 31 38 34 32  |..4AA1SAV0401842|
000003E8  32 36 30 30 30 30 20 20  20 20 20 20 20 20 20 20  |260000          |
000003F8  20 20 20 20 20 20 20 20  01 20 20 20 47 4F 4C 44  |        .   GOLD|
00000408  31 20 20 20 20 20 20 20  20 20 20 20 20 20 20 20  |1               |
00000418  20 20 20 20 20 20 20 20  20 20 20 32 30 43 46 33  |           20CF3|
00000428  43 37                                             |C7|
=== 2026-04-22 18:42:46.452 CLIENT->UPSTREAM 82 bytes ===
0000042A  FF FF 34 41 41 31 53 41  56 30 34 30 31 38 34 32  |..4AA1SAV0401842|
0000043A  34 36 30 30 30 30 20 20  20 20 20 20 20 20 20 20  |460000          |
0000044A  20 20 20 20 20 20 20 20  01 20 20 20 47 4F 4C 44  |        .   GOLD|
0000045A  31 20 20 20 20 20 20 20  20 20 20 20 20 20 20 20  |1               |
0000046A  20 20 20 20 20 20 20 20  20 20 20 32 30 43 46 33  |           20CF3|
0000047A  43 35                                             |C5|
=== 2026-04-22 18:43:06.793 CLIENT->UPSTREAM 82 bytes ===
0000047C  FF FF 34 41 41 31 53 41  56 30 34 30 31 38 34 33  |..4AA1SAV0401843|
0000048C  30 36 30 30 30 30 20 20  20 20 20 20 20 20 20 20  |060000          |
0000049C  20 20 20 20 20 20 20 20  01 20 20 20 47 4F 4C 44  |        .   GOLD|
000004AC  31 20 20 20 20 20 20 20  20 20 20 20 20 20 20 20  |1               |
000004BC  20 20 20 20 20 20 20 20  20 20 20 32 30 43 46 33  |           20CF3|
000004CC  43 38                                             |C8|
=== 2026-04-22 18:43:27.102 CLIENT->UPSTREAM 82 bytes ===
000004CE  FF FF 34 41 41 31 53 41  56 30 34 30 31 38 34 33  |..4AA1SAV0401843|
000004DE  32 37 30 30 30 30 20 20  20 20 20 20 20 20 20 20  |270000          |
000004EE  20 20 20 20 20 20 20 20  01 20 20 20 47 4F 4C 44  |        .   GOLD|
000004FE  31 20 20 20 20 20 20 20  20 20 20 20 20 20 20 20  |1               |
0000050E  20 20 20 20 20 20 20 20  20 20 20 32 30 43 46 33  |           20CF3|
0000051E  43 35                                             |C5|
=== 2026-04-22 18:43:47.420 CLIENT->UPSTREAM 82 bytes ===
00000520  FF FF 34 41 41 31 53 41  56 30 34 30 31 38 34 33  |..4AA1SAV0401843|
00000530  34 37 30 30 30 30 20 20  20 20 20 20 20 20 20 20  |470000          |
00000540  20 20 20 20 20 20 20 20  01 20 20 20 47 4F 4C 44  |        .   GOLD|
00000550  31 20 20 20 20 20 20 20  20 20 20 20 20 20 20 20  |1               |
00000560  20 20 20 20 20 20 20 20  20 20 20 32 30 43 46 33  |           20CF3|
00000570  43 33                                             |C3|
=== 2026-04-22 18:44:07.722 CLIENT->UPSTREAM 82 bytes ===
00000572  FF FF 34 41 41 31 53 41  56 30 34 30 31 38 34 34  |..4AA1SAV0401844|
00000582  30 37 30 30 30 30 20 20  20 20 20 20 20 20 20 20  |070000          |
00000592  20 20 20 20 20 20 20 20  01 20 20 20 47 4F 4C 44  |        .   GOLD|
000005A2  31 20 20 20 20 20 20 20  20 20 20 20 20 20 20 20  |1               |
000005B2  20 20 20 20 20 20 20 20  20 20 20 32 30 43 46 33  |           20CF3|
000005C2  43 36                                             |C6|
=== 2026-04-22 18:44:28.046 CLIENT->UPSTREAM 82 bytes ===
000005C4  FF FF 34 41 41 31 53 41  56 30 34 30 31 38 34 34  |..4AA1SAV0401844|
000005D4  32 38 30 30 30 30 20 20  20 20 20 20 20 20 20 20  |280000          |
000005E4  20 20 20 20 20 20 20 20  01 20 20 20 47 4F 4C 44  |        .   GOLD|
000005F4  31 20 20 20 20 20 20 20  20 20 20 20 20 20 20 20  |1               |
00000604  20 20 20 20 20 20 20 20  20 20 20 32 30 43 46 33  |           20CF3|
00000614  43 33                                             |C3|
=== 2026-04-22 18:44:48.348 CLIENT->UPSTREAM 82 bytes ===
00000616  FF FF 34 41 41 31 53 41  56 30 34 30 31 38 34 34  |..4AA1SAV0401844|
00000626  34 38 30 30 30 30 20 20  20 20 20 20 20 20 20 20  |480000          |
00000636  20 20 20 20 20 20 20 20  01 20 20 20 47 4F 4C 44  |        .   GOLD|
00000646  31 20 20 20 20 20 20 20  20 20 20 20 20 20 20 20  |1               |
00000656  20 20 20 20 20 20 20 20  20 20 20 32 30 43 46 33  |           20CF3|
00000666  43 31                                             |C1|
=== 2026-04-22 18:45:08.663 CLIENT->UPSTREAM 82 bytes ===
00000668  FF FF 34 41 41 31 53 41  56 30 34 30 31 38 34 35  |..4AA1SAV0401845|
00000678  30 38 30 30 30 30 20 20  20 20 20 20 20 20 20 20  |080000          |
00000688  20 20 20 20 20 20 20 20  01 20 20 20 47 4F 4C 44  |        .   GOLD|
00000698  31 20 20 20 20 20 20 20  20 20 20 20 20 20 20 20  |1               |
000006A8  20 20 20 20 20 20 20 20  20 20 20 32 30 43 46 33  |           20CF3|
000006B8  43 34                                             |C4|
=== 2026-04-22 18:45:28.977 CLIENT->UPSTREAM 82 bytes ===
000006BA  FF FF 34 41 41 31 53 41  56 30 34 30 31 38 34 35  |..4AA1SAV0401845|
000006CA  32 38 30 30 30 30 20 20  20 20 20 20 20 20 20 20  |280000          |
000006DA  20 20 20 20 20 20 20 20  01 20 20 20 47 4F 4C 44  |        .   GOLD|
000006EA  31 20 20 20 20 20 20 20  20 20 20 20 20 20 20 20  |1               |
000006FA  20 20 20 20 20 20 20 20  20 20 20 32 30 43 46 33  |           20CF3|
0000070A  43 32                                             |C2|
=== 2026-04-22 18:45:49.291 CLIENT->UPSTREAM 82 bytes ===
0000070C  FF FF 34 41 41 31 53 41  56 30 34 30 31 38 34 35  |..4AA1SAV0401845|
0000071C  34 39 30 30 30 30 20 20  20 20 20 20 20 20 20 20  |490000          |
0000072C  20 20 20 20 20 20 20 20  01 20 20 20 47 4F 4C 44  |        .   GOLD|
0000073C  31 20 20 20 20 20 20 20  20 20 20 20 20 20 20 20  |1               |
0000074C  20 20 20 20 20 20 20 20  20 20 20 32 30 43 46 33  |           20CF3|
0000075C  42 46                                             |BF|
=== 2026-04-22 18:46:09.603 CLIENT->UPSTREAM 82 bytes ===
0000075E  FF FF 34 41 41 31 53 41  56 30 34 30 31 38 34 36  |..4AA1SAV0401846|
0000076E  30 39 30 30 30 30 20 20  20 20 20 20 20 20 20 20  |090000          |
0000077E  20 20 20 20 20 20 20 20  01 20 20 20 47 4F 4C 44  |        .   GOLD|
0000078E  31 20 20 20 20 20 20 20  20 20 20 20 20 20 20 20  |1               |
0000079E  20 20 20 20 20 20 20 20  20 20 20 32 30 43 46 33  |           20CF3|
000007AE  43 32                                             |C2|
=== 2026-04-22 18:46:29.921 CLIENT->UPSTREAM 82 bytes ===
000007B0  FF FF 34 41 41 31 53 41  56 30 34 30 31 38 34 36  |..4AA1SAV0401846|
000007C0  32 39 30 30 30 30 20 20  20 20 20 20 20 20 20 20  |290000          |
000007D0  20 20 20 20 20 20 20 20  01 20 20 20 47 4F 4C 44  |        .   GOLD|
000007E0  31 20 20 20 20 20 20 20  20 20 20 20 20 20 20 20  |1               |
000007F0  20 20 20 20 20 20 20 20  20 20 20 32 30 43 46 33  |           20CF3|
00000800  43 30                                             |C0|
=== 2026-04-22 18:46:50.261 CLIENT->UPSTREAM 82 bytes ===
00000802  FF FF 34 41 41 31 53 41  56 30 34 30 31 38 34 36  |..4AA1SAV0401846|
00000812  35 30 30 30 30 30 20 20  20 20 20 20 20 20 20 20  |500000          |
00000822  20 20 20 20 20 20 20 20  01 20 20 20 47 4F 4C 44  |        .   GOLD|
00000832  31 20 20 20 20 20 20 20  20 20 20 20 20 20 20 20  |1               |
00000842  20 20 20 20 20 20 20 20  20 20 20 32 30 43 46 33  |           20CF3|
00000852  43 36                                             |C6|
=== 2026-04-22 18:47:10.597 CLIENT->UPSTREAM 82 bytes ===
00000854  FF FF 34 41 41 31 53 41  56 30 34 30 31 38 34 37  |..4AA1SAV0401847|
00000864  31 30 30 30 30 30 20 20  20 20 20 20 20 20 20 20  |100000          |
00000874  20 20 20 20 20 20 20 20  01 20 20 20 47 4F 4C 44  |        .   GOLD|
00000884  31 20 20 20 20 20 20 20  20 20 20 20 20 20 20 20  |1               |
00000894  20 20 20 20 20 20 20 20  20 20 20 32 30 43 46 33  |           20CF3|
000008A4  43 39                                             |C9|
=== 2026-04-22 18:47:30.917 CLIENT->UPSTREAM 82 bytes ===
000008A6  FF FF 34 41 41 31 53 41  56 30 34 30 31 38 34 37  |..4AA1SAV0401847|
000008B6  33 30 30 30 30 30 20 20  20 20 20 20 20 20 20 20  |300000          |
000008C6  20 20 20 20 20 20 20 20  01 20 20 20 47 4F 4C 44  |        .   GOLD|
000008D6  31 20 20 20 20 20 20 20  20 20 20 20 20 20 20 20  |1               |
000008E6  20 20 20 20 20 20 20 20  20 20 20 32 30 43 46 33  |           20CF3|
000008F6  43 37                                             |C7|
=== 2026-04-22 18:47:51.241 CLIENT->UPSTREAM 82 bytes ===
000008F8  FF FF 34 41 41 31 53 41  56 30 34 30 31 38 34 37  |..4AA1SAV0401847|
00000908  35 31 30 30 30 30 20 20  20 20 20 20 20 20 20 20  |510000          |
00000918  20 20 20 20 20 20 20 20  01 20 20 20 47 4F 4C 44  |        .   GOLD|
00000928  31 20 20 20 20 20 20 20  20 20 20 20 20 20 20 20  |1               |
00000938  20 20 20 20 20 20 20 20  20 20 20 32 30 43 46 33  |           20CF3|
00000948  43 34                                             |C4|
# CLIENT->UPSTREAM pump error: IOException: Unable to read data from the transport connection: An existing connection was forcibly closed by the remote host..
# proxy pair closed (18:47:56.497)
# UPSTREAM->CLIENT pump error: IOException: Unable to read data from the transport connection: The I/O operation has been aborted because of either a thread exit or an application request..
# proxied 127.0.0.1:50741 -> 127.0.0.1:30701 opened
=== 2026-04-22 18:48:33.662 UPSTREAM->CLIENT 207 bytes ===
00000000  FF FF 43 37 42 33 56 34  30 20 20 20 30 31 32 30  |..C7B3V40   0120|
00000010  32 36 30 34 32 32 31 35  33 38 33 32 47 4F 4C 44  |260422153832GOLD|
00000020  31 41 42 43 44 39 39 39  39 39 39 39 20 20 20 20  |1ABCD9999999    |
00000030  20 20 20 20 20 20 20 20  20 42 4F 4E 44 31 20 20  |         BOND1  |
00000040  20 30 37 37 43 20 20 33  20 20 20 20 20 20 20 20  | 077C  3        |
00000050  20 20 20 20 20 20 20 20  20 20 20 20 20 42 4F 4E  |             BON|
00000060  44 31 20 20 20 30 39 39  44 20 20 34 20 20 20 20  |D1   099D  4    |
00000070  20 20 20 20 20 20 20 20  20 20 20 20 20 20 20 20  |                |
00000080  20 34 30 20 20 4E 4E 20  20 20 20 20 20 20 20 20  | 40  NN         |
00000090  20 20 20 20 20 20 20 20  20 20 20 20 20 20 4E 4E  |              NN|
000000A0  20 20 20 20 20 20 20 20  20 20 20 20 20 20 20 20  |                |
000000B0  20 20 20 20 20 20 20 20  20 20 20 20 20 20 20 20  |                |
000000C0  20 20 20 20 20 20 20 20  20 20 20 44 46 43 43     |           DFCC|
=== 2026-04-22 18:48:33.797 CLIENT->UPSTREAM 12 bytes ===
00000000  FF FF 30 34 41 33 30 31  46 45 43 37              |..04A301FEC7|
=== 2026-04-22 18:48:40.900 CLIENT->UPSTREAM 82 bytes ===
0000000C  FF FF 34 41 41 31 53 41  56 30 34 30 31 38 34 38  |..4AA1SAV0401848|
0000001C  34 30 30 30 30 30 20 20  20 20 20 20 20 20 20 20  |400000          |
0000002C  20 20 20 20 20 20 20 20  01 20 20 20 47 4F 4C 44  |        .   GOLD|
0000003C  31 20 20 20 20 20 20 20  20 20 20 20 20 20 20 20  |1               |
0000004C  20 20 20 20 20 20 20 20  20 20 20 32 30 43 46 33  |           20CF3|
0000005C  43 35                                             |C5|
=== 2026-04-22 18:49:01.215 CLIENT->UPSTREAM 82 bytes ===
0000005E  FF FF 34 41 41 31 53 41  56 30 34 30 31 38 34 39  |..4AA1SAV0401849|
0000006E  30 31 30 30 30 30 20 20  20 20 20 20 20 20 20 20  |010000          |
0000007E  20 20 20 20 20 20 20 20  01 20 20 20 47 4F 4C 44  |        .   GOLD|
0000008E  31 20 20 20 20 20 20 20  20 20 20 20 20 20 20 20  |1               |
0000009E  20 20 20 20 20 20 20 20  20 20 20 32 30 43 46 33  |           20CF3|
000000AE  43 37                                             |C7|
=== 2026-04-22 18:49:21.548 CLIENT->UPSTREAM 82 bytes ===
000000B0  FF FF 34 41 41 31 53 41  56 30 34 30 31 38 34 39  |..4AA1SAV0401849|
000000C0  32 31 30 30 30 30 20 20  20 20 20 20 20 20 20 20  |210000          |
000000D0  20 20 20 20 20 20 20 20  01 20 20 20 47 4F 4C 44  |        .   GOLD|
000000E0  31 20 20 20 20 20 20 20  20 20 20 20 20 20 20 20  |1               |
000000F0  20 20 20 20 20 20 20 20  20 20 20 32 30 43 46 33  |           20CF3|
00000100  43 35                                             |C5|
=== 2026-04-22 18:49:41.860 CLIENT->UPSTREAM 82 bytes ===
00000102  FF FF 34 41 41 31 53 41  56 30 34 30 31 38 34 39  |..4AA1SAV0401849|
00000112  34 31 30 30 30 30 20 20  20 20 20 20 20 20 20 20  |410000          |
00000122  20 20 20 20 20 20 20 20  01 20 20 20 47 4F 4C 44  |        .   GOLD|
00000132  31 20 20 20 20 20 20 20  20 20 20 20 20 20 20 20  |1               |
00000142  20 20 20 20 20 20 20 20  20 20 20 32 30 43 46 33  |           20CF3|
00000152  43 33                                             |C3|
=== 2026-04-22 18:50:02.172 CLIENT->UPSTREAM 82 bytes ===
00000154  FF FF 34 41 41 31 53 41  56 30 34 30 31 38 35 30  |..4AA1SAV0401850|
00000164  30 32 30 30 30 30 20 20  20 20 20 20 20 20 20 20  |020000          |
00000174  20 20 20 20 20 20 20 20  01 20 20 20 47 4F 4C 44  |        .   GOLD|
00000184  31 20 20 20 20 20 20 20  20 20 20 20 20 20 20 20  |1               |
00000194  20 20 20 20 20 20 20 20  20 20 20 32 30 43 46 33  |           20CF3|
000001A4  43 45                                             |CE|
# UPSTREAM->CLIENT pump error: IOException: Unable to read data from the transport connection: An existing connection was forcibly closed by the remote host..
# proxy pair closed (18:50:21.327)
# CLIENT->UPSTREAM pump error: IOException: Unable to read data from the transport connection: The I/O operation has been aborted because of either a thread exit or an application request..
